---
replicaCount: 1
image:
  repository: nginx
  tag: stable
  pullPolicy: IfNotPresent
imagePullSecrets: []
nameOverride: ""
fullnameOverride: ""
serviceAccount:
  create: true
  name: some name
podSecurityContext: {}
securityContext: {}
service:
  type: ClusterIP
  port: 80
ingress:
  enabled: false
  annotations: {}
  hosts:
    - host: chart-example.local
      paths: []
      tls: []
resources: {}
nodeSelector: {}
tolerations: []