---
- level1:
    - first:
        - 1
        - 2
    - level2:
        - second:
            - 1
            - 2
        - level3:
            - third:
                - 1
                - 2
- last: 1