---
a0 bb: val
a1:
  b1: 4
  b2: d
a2: 4
a3:
  - 1
  - 2
  - 3
a4:
  - - a1
    - a2
  - 2